// Vitest Snapshot v1, https://vitest.dev/guide/snapshot.html

exports[`Icon > Icon renders correctly 1`] = `
<div>
  <span
    aria-hidden="true"
    class="
    icon-component
    xl
    className-test
  "
  >
    <svg
      viewBox="0 0 24 24"
    >
      <title>
        This is a title for a test
      </title>
      <use
        xlink:href="/src/assets/sprite.svg#close"
      />
    </svg>
  </span>
</div>
`;

exports[`Icon > Icon renders correctly svg title 1`] = `
<div>
  <span
    aria-hidden="true"
    class="
    icon-component
    xl
    className-test
  "
  >
    <svg
      viewBox="0 0 24 24"
    >
      <title>
        This is a title for a test
      </title>
      <use
        xlink:href="/src/assets/sprite.svg#close"
      />
    </svg>
  </span>
</div>
`;

exports[`Icon > Icon renders correctly viewBox 1`] = `
<div>
  <span
    aria-hidden="true"
    class="
    icon-component
    xl
    className-test
  "
  >
    <svg
      viewBox="0 0 24 24"
    >
      <title>
        This is a title for a test
      </title>
      <use
        xlink:href="/src/assets/sprite.svg#close"
      />
    </svg>
  </span>
</div>
`;

exports[`Icon > Icon renders snapshot 1`] = `
<div>
  <span
    aria-hidden="true"
    class="
    icon-component
    xl
    className-test
  "
  >
    <svg
      viewBox="0 0 24 24"
    >
      <title>
        This is a title for a test
      </title>
      <use
        xlink:href="/src/assets/sprite.svg#close"
      />
    </svg>
  </span>
</div>
`;

exports[`Icon > Icon renders with a custom class 1`] = `
<div>
  <span
    aria-hidden="true"
    class="
    icon-component
    xl
    className-test
  "
  >
    <svg
      viewBox="0 0 24 24"
    >
      <title>
        This is a title for a test
      </title>
      <use
        xlink:href="/src/assets/sprite.svg#close"
      />
    </svg>
  </span>
</div>
`;
