// Vitest Snapshot v1, https://vitest.dev/guide/snapshot.html

exports[`Box > Box renders snapshot 1`] = `
<div>
  <div
    class="
    box-component
    border:primary
    elevation:none
    radius:s
    p:none
    
    custom-box
  "
  >
    Test content
  </div>
</div>
`;

exports[`Box > Box renders with the correct tag name 1`] = `
<div>
  <div
    class="
    box-component
    border:primary
    elevation:none
    radius:s
    p:none
    
    custom-box
  "
  >
    Test content
  </div>
</div>
`;
