// Vitest Snapshot v1, https://vitest.dev/guide/snapshot.html

exports[`Inputfield > renders snapshot 1`] = `
<div>
  <label
    class="
        inputfiled-component
        
      "
    for="id-test"
  >
    <span
      class="
      label-text-component
      
      
      
      inputfiled-label
      "
    >
      Label:
    </span>
    <input
      aria-describedby="validation-message-id-test"
      class=""
      id="id-test"
      name="name"
      placeholder="Placeholder"
      type="text"
      value=""
    />
  </label>
</div>
`;
